[gravity-ff] right: self-check OK, 6.40 kg distal of shoulder
right M1_1 done
right M1_2 done
right M1_3 done
right M1_4 done
right M1_5 done
right M2_1 done
right M2_2 done
right M2_3 done
right M2_4 done
right M2_5 done
right M3_1 done
right M3_2 done
right M3_3 done
right M3_4 done
right M3_5 done
right M4_1 done
right M4_2 done
right M4_3 done
right M4_4 done
right M4_5 done
right M5_1 done
right M5_2 done
right M5_3 done
right M5_4 done
right M5_5 done
[gravity-ff] left: self-check OK, 6.40 kg distal of shoulder
left M1_1 done
left M1_2 done
left M1_3 done
left M1_4 done
left M1_5 done
left M2_1 done
left M2_2 done
left M2_3 done
left M2_4 done
left M2_5 done
left M3_1 done
left M3_2 done
left M3_3 done
left M3_4 done
left M3_5 done
left M4_1 done
left M4_2 done
left M4_3 done
left M4_4 done
left M4_5 done
left M5_1 done
left M5_2 done
left M5_3 done
left M5_4 done
left M5_5 done
WROTE
