[x2]   M1_1: fid_margin=0.472  task_margin=0.322  fid_manip=0.247  task_manip=0.232  viol_fid=False  viol_task=False
[x2]   M1_2: fid_margin=0.479  task_margin=0.296  fid_manip=0.261  task_manip=0.248  viol_fid=False  viol_task=False
[x2]   M1_3: fid_margin=0.502  task_margin=0.519  fid_manip=0.257  task_manip=0.255  viol_fid=False  viol_task=False
[x2]   M1_4: fid_margin=0.436  task_margin=0.514  fid_manip=0.266  task_manip=0.249  viol_fid=False  viol_task=False
[x2]   M1_5: fid_margin=0.434  task_margin=0.410  fid_manip=0.247  task_manip=0.226  viol_fid=False  viol_task=False
[x2]   M2_1: fid_margin=0.122  task_margin=0.130  fid_manip=0.130  task_manip=0.147  viol_fid=True   viol_task=True 
[x2]   M2_2: fid_margin=0.125  task_margin=0.137  fid_manip=0.148  task_manip=0.162  viol_fid=True   viol_task=True 
[x2]   M2_3: fid_margin=0.115  task_margin=0.140  fid_manip=0.151  task_manip=0.173  viol_fid=True   viol_task=True 
[x2]   M2_4: fid_margin=0.098  task_margin=0.138  fid_manip=0.154  task_manip=0.173  viol_fid=True   viol_task=True 
[x2]   M2_5: fid_margin=0.129  task_margin=0.154  fid_manip=0.137  task_manip=0.161  viol_fid=True   viol_task=True 
[x2]   M3_1: fid_margin=0.213  task_margin=0.227  fid_manip=0.183  task_manip=0.182  viol_fid=False  viol_task=False
[x2]   M3_2: fid_margin=0.171  task_margin=0.190  fid_manip=0.169  task_manip=0.172  viol_fid=True   viol_task=True 
[x2]   M3_3: fid_margin=0.194  task_margin=0.191  fid_manip=0.178  task_manip=0.183  viol_fid=False  viol_task=True 
[x2]   M3_4: fid_margin=0.168  task_margin=0.207  fid_manip=0.177  task_manip=0.175  viol_fid=True   viol_task=True 
[x2]   M3_5: fid_margin=0.184  task_margin=0.196  fid_manip=0.168  task_manip=0.168  viol_fid=True   viol_task=True 
[x2]   M4_1: fid_margin=0.178  task_margin=0.180  fid_manip=0.159  task_manip=0.168  viol_fid=True   viol_task=True 
[x2]   M4_2: fid_margin=0.168  task_margin=0.159  fid_manip=0.159  task_manip=0.171  viol_fid=True   viol_task=True 
[x2]   M4_3: fid_margin=0.200  task_margin=0.198  fid_manip=0.179  task_manip=0.187  viol_fid=True   viol_task=True 
[x2]   M4_4: fid_margin=0.197  task_margin=0.174  fid_manip=0.177  task_manip=0.190  viol_fid=True   viol_task=True 
[x2]   M4_5: fid_margin=0.228  task_margin=0.245  fid_manip=0.200  task_manip=0.203  viol_fid=True   viol_task=True 
[x2]   M5_1: fid_margin=0.358  task_margin=0.373  fid_manip=0.180  task_manip=0.183  viol_fid=False  viol_task=False
[x2]   M5_2: fid_margin=0.371  task_margin=0.387  fid_manip=0.189  task_manip=0.190  viol_fid=False  viol_task=False
[x2]   M5_3: fid_margin=0.380  task_margin=0.378  fid_manip=0.190  task_manip=0.188  viol_fid=False  viol_task=False
[x2]   M5_4: fid_margin=0.378  task_margin=0.385  fid_manip=0.191  task_manip=0.190  viol_fid=False  viol_task=False
[x2]   M5_5: fid_margin=0.383  task_margin=0.384  fid_manip=0.193  task_manip=0.189  viol_fid=False  viol_task=False
[x2] wrote results/x2/v2_left.json
[x2] TOTAL: 13/25 fid-violation reps, 14/25 task-violation reps
