[x6]   M1_1 side=right  fidelity: flips=87 viol_frames=  0 tip_mm=  1.1 margin=0.47 ms/f=1.5  fidelity_reg: flips=81 viol_frames=  0 tip_mm=  2.0 margin=0.47 ms/f=1.5  taskcentric: flips= 1 viol_frames=  0 tip_mm=  0.1 margin=0.48 ms/f=1.9  taskdefined: flips= 1 viol_frames=  0 tip_mm=  0.1 margin=0.48 ms/f=2.0
[x6]   M1_2 side=right  fidelity: flips=127 viol_frames=  0 tip_mm=  0.9 margin=0.46 ms/f=1.4  fidelity_reg: flips=114 viol_frames=  0 tip_mm=  2.4 margin=0.46 ms/f=1.5  taskcentric: flips= 0 viol_frames=  0 tip_mm=  0.1 margin=0.47 ms/f=1.8  taskdefined: flips= 0 viol_frames=  0 tip_mm=  0.1 margin=0.49 ms/f=2.0
[x6]   M1_3 side=right  fidelity: flips=175 viol_frames=  0 tip_mm=  1.1 margin=0.41 ms/f=1.5  fidelity_reg: flips=153 viol_frames=  0 tip_mm=  3.3 margin=0.41 ms/f=1.5  taskcentric: flips= 0 viol_frames=  0 tip_mm=  0.1 margin=0.39 ms/f=1.9  taskdefined: flips= 0 viol_frames=  0 tip_mm=  0.1 margin=0.39 ms/f=2.3
[x6]   M1_4 side=right  fidelity: flips=97 viol_frames=  0 tip_mm=  1.2 margin=0.42 ms/f=1.5  fidelity_reg: flips=87 viol_frames=  0 tip_mm=  2.6 margin=0.42 ms/f=1.5  taskcentric: flips= 1 viol_frames=  0 tip_mm=  0.1 margin=0.40 ms/f=1.9  taskdefined: flips= 1 viol_frames=  0 tip_mm=  0.1 margin=0.40 ms/f=2.2
[x6]   M1_5 side=right  fidelity: flips=56 viol_frames=  0 tip_mm=  0.6 margin=0.47 ms/f=1.4  fidelity_reg: flips=51 viol_frames=  0 tip_mm=  1.6 margin=0.47 ms/f=1.4  taskcentric: flips= 0 viol_frames=  0 tip_mm=  0.1 margin=0.32 ms/f=1.9  taskdefined: flips= 0 viol_frames=  0 tip_mm=  0.1 margin=0.30 ms/f=2.1
[x6]   M2_1 side=right  fidelity: flips=122 viol_frames=101 tip_mm=  6.0 margin=0.27 ms/f=2.2  fidelity_reg: flips=81 viol_frames= 65 tip_mm= 12.0 margin=0.44 ms/f=1.9  taskcentric: flips=15 viol_frames=  0 tip_mm=  0.8 margin=0.53 ms/f=13.0  taskdefined: flips= 2 viol_frames=  0 tip_mm=  0.1 margin=0.53 ms/f=1.7
[x6]   M2_2 side=right  fidelity: flips=92 viol_frames=215 tip_mm=  9.3 margin=0.17 ms/f=2.4  fidelity_reg: flips=96 viol_frames= 65 tip_mm= 13.2 margin=0.41 ms/f=1.9  taskcentric: flips=27 viol_frames=  0 tip_mm=  0.8 margin=0.50 ms/f=12.9  taskdefined: flips= 2 viol_frames=  0 tip_mm=  0.1 margin=0.50 ms/f=1.7
[x6]   M2_3 side=right  fidelity: flips=85 viol_frames=123 tip_mm=  7.0 margin=0.19 ms/f=2.1  fidelity_reg: flips=92 viol_frames= 18 tip_mm=  8.5 margin=0.35 ms/f=1.9  taskcentric: flips=30 viol_frames=  2 tip_mm=  0.5 margin=0.44 ms/f=9.1  taskdefined: flips= 7 viol_frames=  0 tip_mm=  0.1 margin=0.50 ms/f=1.7
[x6]   M2_4 side=right  fidelity: flips=76 viol_frames=215 tip_mm= 23.7 margin=0.12 ms/f=2.5  fidelity_reg: flips=119 viol_frames= 40 tip_mm= 11.4 margin=0.29 ms/f=2.2  taskcentric: flips=27 viol_frames=  0 tip_mm=  0.3 margin=0.47 ms/f=7.7  taskdefined: flips= 6 viol_frames=  0 tip_mm=  0.1 margin=0.49 ms/f=1.8
[x6]   M2_5 side=right  fidelity: flips=106 viol_frames=154 tip_mm=  9.5 margin=0.16 ms/f=2.4  fidelity_reg: flips=77 viol_frames= 22 tip_mm=  7.6 margin=0.41 ms/f=1.7  taskcentric: flips=26 viol_frames=  8 tip_mm=  1.2 margin=0.45 ms/f=13.5  taskdefined: flips= 4 viol_frames=  0 tip_mm=  0.1 margin=0.50 ms/f=1.8
[x6]   M3_1 side=right  fidelity: flips=93 viol_frames= 82 tip_mm=  5.7 margin=0.21 ms/f=1.8  fidelity_reg: flips=62 viol_frames=116 tip_mm= 18.9 margin=0.31 ms/f=1.8  taskcentric: flips=37 viol_frames=  0 tip_mm=  0.3 margin=0.48 ms/f=5.8  taskdefined: flips= 1 viol_frames=  0 tip_mm=  0.1 margin=0.43 ms/f=1.6
[x6]   M3_2 side=right  fidelity: flips=112 viol_frames=209 tip_mm=  7.6 margin=0.17 ms/f=2.2  fidelity_reg: flips=88 viol_frames= 31 tip_mm=  3.6 margin=0.41 ms/f=1.7  taskcentric: flips=52 viol_frames=  0 tip_mm=  0.2 margin=0.49 ms/f=6.5  taskdefined: flips= 2 viol_frames=  0 tip_mm=  0.1 margin=0.44 ms/f=1.6
[x6]   M3_3 side=right  fidelity: flips=127 viol_frames=141 tip_mm=  4.4 margin=0.22 ms/f=1.9  fidelity_reg: flips=112 viol_frames=  8 tip_mm=  2.8 margin=0.40 ms/f=1.6  taskcentric: flips=44 viol_frames=  0 tip_mm=  0.3 margin=0.50 ms/f=6.2  taskdefined: flips= 3 viol_frames=  0 tip_mm=  0.1 margin=0.45 ms/f=1.7
[x6]   M3_4 side=right  fidelity: flips=97 viol_frames=257 tip_mm=  9.3 margin=0.13 ms/f=2.2  fidelity_reg: flips=88 viol_frames= 84 tip_mm= 16.3 margin=0.37 ms/f=1.7  taskcentric: flips=45 viol_frames=  0 tip_mm=  0.7 margin=0.49 ms/f=11.4  taskdefined: flips= 2 viol_frames=  0 tip_mm=  0.1 margin=0.45 ms/f=1.6
[x6]   M3_5 side=right  fidelity: flips=137 viol_frames=343 tip_mm=  7.4 margin=0.12 ms/f=2.4  fidelity_reg: flips=81 viol_frames=  7 tip_mm=  4.4 margin=0.43 ms/f=1.5  taskcentric: flips=57 viol_frames=  0 tip_mm=  0.8 margin=0.49 ms/f=13.0  taskdefined: flips= 1 viol_frames=  0 tip_mm=  0.1 margin=0.46 ms/f=1.6
[x6]   M4_1 side=right  fidelity: flips=58 viol_frames= 47 tip_mm= 12.8 margin=0.27 ms/f=2.5  fidelity_reg: flips=34 viol_frames=  0 tip_mm=  4.4 margin=0.41 ms/f=1.7  taskcentric: flips=14 viol_frames=  0 tip_mm=  0.9 margin=0.46 ms/f=15.0  taskdefined: flips= 3 viol_frames=  0 tip_mm=  0.1 margin=0.50 ms/f=1.8
[x6]   M4_2 side=right  fidelity: flips=72 viol_frames= 50 tip_mm=  5.2 margin=0.30 ms/f=2.1  fidelity_reg: flips=66 viol_frames=  1 tip_mm=  5.1 margin=0.40 ms/f=1.7  taskcentric: flips=12 viol_frames=  0 tip_mm=  0.7 margin=0.45 ms/f=11.4  taskdefined: flips= 4 viol_frames=  0 tip_mm=  0.1 margin=0.50 ms/f=1.8
[x6]   M4_3 side=right  fidelity: flips=48 viol_frames=123 tip_mm=  9.6 margin=0.17 ms/f=2.8  fidelity_reg: flips=34 viol_frames=  0 tip_mm=  6.5 margin=0.45 ms/f=1.6  taskcentric: flips=13 viol_frames=  0 tip_mm=  1.5 margin=0.46 ms/f=19.8  taskdefined: flips= 2 viol_frames=  0 tip_mm=  0.1 margin=0.50 ms/f=1.7
[x6]   M4_4 side=right  fidelity: flips=44 viol_frames= 44 tip_mm= 18.6 margin=0.22 ms/f=2.4  fidelity_reg: flips=33 viol_frames=  0 tip_mm=  6.1 margin=0.45 ms/f=1.5  taskcentric: flips=16 viol_frames=  0 tip_mm=  1.2 margin=0.49 ms/f=16.0  taskdefined: flips= 7 viol_frames=  0 tip_mm=  0.1 margin=0.49 ms/f=1.7
[x6]   M4_5 side=right  fidelity: flips=71 viol_frames= 39 tip_mm=  5.0 margin=0.33 ms/f=1.9  fidelity_reg: flips=56 viol_frames=  4 tip_mm=  7.2 margin=0.38 ms/f=1.9  taskcentric: flips=13 viol_frames=  2 tip_mm=  0.5 margin=0.49 ms/f=9.1  taskdefined: flips= 4 viol_frames=  3 tip_mm=  0.3 margin=0.48 ms/f=2.0
[x6]   M5_1 side=right  fidelity: flips=120 viol_frames=233 tip_mm= 74.6 margin=0.14 ms/f=3.7  fidelity_reg: flips=127 viol_frames=167 tip_mm= 80.9 margin=0.29 ms/f=3.3  taskcentric: flips=124 viol_frames= 92 tip_mm= 17.2 margin=0.30 ms/f=28.8  taskdefined: flips=96 viol_frames= 15 tip_mm=  0.6 margin=0.28 ms/f=4.1
[x6]   M5_2 side=right  fidelity: flips=44 viol_frames=239 tip_mm= 69.0 margin=0.05 ms/f=3.2  fidelity_reg: flips=99 viol_frames=214 tip_mm=165.6 margin=0.16 ms/f=3.3  taskcentric: flips=81 viol_frames= 31 tip_mm=  7.9 margin=0.32 ms/f=6.5  taskdefined: flips=76 viol_frames= 33 tip_mm=  7.1 margin=0.31 ms/f=6.2
[x6]   M5_3 side=right  fidelity: flips=68 viol_frames=147 tip_mm= 40.6 margin=0.18 ms/f=2.7  fidelity_reg: flips=87 viol_frames= 47 tip_mm= 26.4 margin=0.32 ms/f=2.1  taskcentric: flips=63 viol_frames= 13 tip_mm=  2.5 margin=0.37 ms/f=4.2  taskdefined: flips=59 viol_frames= 14 tip_mm=  2.7 margin=0.36 ms/f=3.9
[x6]   M5_4 side=right  fidelity: flips=37 viol_frames=260 tip_mm= 74.1 margin=0.03 ms/f=3.5  fidelity_reg: flips=102 viol_frames=207 tip_mm=153.0 margin=0.13 ms/f=3.3  taskcentric: flips=73 viol_frames=  6 tip_mm=  1.2 margin=0.41 ms/f=3.5  taskdefined: flips=63 viol_frames=  7 tip_mm=  1.3 margin=0.40 ms/f=3.3
[x6]   M5_5 side=right  fidelity: flips=105 viol_frames= 33 tip_mm=  5.3 margin=0.26 ms/f=1.8  fidelity_reg: flips=107 viol_frames= 30 tip_mm= 16.3 margin=0.29 ms/f=2.1  taskcentric: flips=65 viol_frames= 26 tip_mm=  1.9 margin=0.32 ms/f=7.7  taskdefined: flips=70 viol_frames= 14 tip_mm=  1.9 margin=0.31 ms/f=3.6
[x6] wrote results/x6/v2_right.json
[x6] TOTAL fidelity: 2256 flips across 25 reps, 20/25 reps had a limit violation
[x6] TOTAL fidelity_reg: 2127 flips across 25 reps, 17/25 reps had a limit violation
[x6] TOTAL taskcentric: 836 flips across 25 reps, 8/25 reps had a limit violation
[x6] TOTAL taskdefined: 416 flips across 25 reps, 6/25 reps had a limit violation
