
=== left arm, usable radius = 0.88 of arm ===
capture    step_cm  residual_cm  naive_over_cm  within_tol
  M1_1        19.8         0.00            1.1         yes
  M1_2        28.3         0.00            0.0         yes
  M1_3        32.7         0.00            0.0         yes
  M1_4        28.6         0.00            0.0         yes
  M1_5        24.7         0.00            0.0         yes
  M2_1        10.6         3.43            6.7         yes
  M2_2        15.5         2.93            6.7         yes
  M2_3        12.9         2.09            6.7         yes
  M2_4        11.0         2.93            6.7         yes
  M2_5         1.3         6.68            6.7         yes
  M3_1         5.8         5.69            6.1         yes
  M3_2         6.7         5.70            6.5         yes
  M3_3         3.4         6.12            6.6         yes
  M3_4         7.2         5.92            6.6         yes
  M3_5         5.0         5.86            6.6         yes
  M4_1         3.7         4.79            6.6         yes
  M4_2         6.9         2.92            6.7         yes
  M4_3         5.3         3.34            6.6         yes
  M4_4         6.9         2.84            6.7         yes
  M4_5         5.4         2.82            5.6         yes
  M5_1        11.0         4.09            5.3         yes
  M5_2         9.2         4.10            4.9         yes
  M5_3        10.6         3.94            5.0         yes
  M5_4         9.3         3.72            4.6         yes
  M5_5         9.6         4.58            5.9         yes
  ---- mean step 11.6 cm, p95 28.5 cm
  ---- fully reachable after one step: 5/25 captures
  ---- mean residual 3.38 cm, worst 6.68 cm
  ---- within the 8 cm task tolerance of our prior work: 25/25 captures

wrote results/task_reach/v3_left.json
