
=== right arm, usable radius = 0.88 of arm ===
capture    step_cm  residual_cm  naive_over_cm  within_tol
  M1_1        16.9         0.00            1.6         yes
  M1_2        16.3         0.00            1.9         yes
  M1_3        18.9         0.00            0.0         yes
  M1_4        17.4         0.00            0.2         yes
  M1_5        13.1         0.00            0.0         yes
  M2_1        14.7         1.57            6.7         yes
  M2_2        17.3         1.78            6.7         yes
  M2_3         1.5         6.58            6.7         yes
  M2_4        13.6         3.50            6.7         yes
  M2_5         0.1         6.67            6.7         yes
  M3_1        13.0         2.90            6.7         yes
  M3_2        12.3         3.10            6.7         yes
  M3_3        14.0         4.34            6.7         yes
  M3_4        15.6         3.46            6.7         yes
  M3_5        13.5         3.66            6.7         yes
  M4_1         7.9         5.91            6.7         yes
  M4_2        11.1         4.83            6.7         yes
  M4_3         9.9         5.39            6.7         yes
  M4_4        14.2         3.32            6.7         yes
  M4_5        13.8         3.97            6.7         yes
  M5_1         5.0         5.24            6.7         yes
  M5_2        14.7         0.00            4.4         yes
  M5_3        10.5         0.00            3.7         yes
  M5_4        16.2         0.00            4.0         yes
  M5_5        12.9         1.89            6.7         yes
  ---- mean step 12.6 cm, p95 17.4 cm
  ---- fully reachable after one step: 8/25 captures
  ---- mean residual 2.72 cm, worst 6.67 cm
  ---- within the 8 cm task tolerance of our prior work: 25/25 captures

wrote results/task_reach/v3_right.json
