
=== left arm, usable radius = 0.84 of arm ===
capture    step_cm  residual_cm  naive_over_cm  within_tol
  M1_1        19.8         0.00            3.4         yes
  M1_2        28.3         0.00            0.6         yes
  M1_3        32.7         0.00            1.6         yes
  M1_4        28.6         0.00            1.7         yes
  M1_5        24.7         0.00            0.0         yes
  M2_1        10.6         5.67            8.9         yes
  M2_2        15.5         5.18            8.9         yes
  M2_3        12.9         4.33            8.9         yes
  M2_4        11.0         5.17            8.9         yes
  M2_5         1.3         8.92            9.0          NO
  M3_1         5.8         7.93            8.3         yes
  M3_2         6.7         7.95            8.7         yes
  M3_3         3.4         8.36            8.8          NO
  M3_4         7.2         8.17            8.9          NO
  M3_5         5.0         8.10            8.8          NO
  M4_1         3.7         7.03            8.9         yes
  M4_2         6.9         5.16            8.9         yes
  M4_3         5.3         5.58            8.9         yes
  M4_4         6.9         5.08            8.9         yes
  M4_5         5.4         5.06            7.8         yes
  M5_1        11.0         6.33            7.5         yes
  M5_2         9.2         6.35            7.1         yes
  M5_3        10.6         6.18            7.2         yes
  M5_4         9.3         5.96            6.8         yes
  M5_5         9.6         6.82            8.2         yes
  ---- mean step 11.6 cm, p95 28.5 cm
  ---- fully reachable after one step: 5/25 captures
  ---- mean residual 5.17 cm, worst 8.92 cm
  ---- within the 8 cm task tolerance of our prior work: 21/25 captures

wrote results/task_reach/v4_left.json
