
=== right arm, usable radius = 0.84 of arm ===
capture    step_cm  residual_cm  naive_over_cm  within_tol
  M1_1        16.9         0.00            3.8         yes
  M1_2        16.3         0.00            4.1         yes
  M1_3        18.9         0.00            0.0         yes
  M1_4        17.4         0.00            2.4         yes
  M1_5        13.1         0.00            1.5         yes
  M2_1        14.7         3.81            8.9         yes
  M2_2        17.3         4.02            8.9         yes
  M2_3         1.5         8.82            8.9          NO
  M2_4        13.6         5.74            8.9         yes
  M2_5         0.1         8.92            8.9          NO
  M3_1        13.0         5.15            9.0         yes
  M3_2        12.3         5.34            9.0         yes
  M3_3        14.0         6.58            9.0         yes
  M3_4        15.6         5.70            8.9         yes
  M3_5        13.5         5.90            9.0         yes
  M4_1         7.9         8.15            9.0          NO
  M4_2        11.1         7.08            8.9         yes
  M4_3         9.9         7.63            9.0         yes
  M4_4        14.2         5.56            9.0         yes
  M4_5        13.8         6.21            8.9         yes
  M5_1         5.0         7.49            8.9         yes
  M5_2        14.7         1.63            6.6         yes
  M5_3        10.5         0.00            5.9         yes
  M5_4        16.2         0.00            6.3         yes
  M5_5        12.9         4.14            8.9         yes
  ---- mean step 12.6 cm, p95 17.4 cm
  ---- fully reachable after one step: 7/25 captures
  ---- mean residual 4.31 cm, worst 8.92 cm
  ---- within the 8 cm task tolerance of our prior work: 22/25 captures

wrote results/task_reach/v4_right.json
