[x6]   M1_1 side=left  fidelity: flips=10 viol_frames=  0 tip_mm=  0.4 margin=0.47 ms/f=1.4  fidelity_reg: flips= 4 viol_frames=  0 tip_mm=  2.8 margin=0.48 ms/f=1.4  taskcentric: flips= 0 viol_frames=  0 tip_mm=  0.1 margin=0.32 ms/f=1.6  taskdefined: flips= 0 viol_frames=  0 tip_mm=  0.1 margin=0.32 ms/f=1.5
[x6]   M1_2 side=left  fidelity: flips=12 viol_frames=  0 tip_mm=  0.3 margin=0.48 ms/f=1.4  fidelity_reg: flips=11 viol_frames=  0 tip_mm=  2.4 margin=0.49 ms/f=1.4  taskcentric: flips= 0 viol_frames=  0 tip_mm=  0.1 margin=0.30 ms/f=1.5  taskdefined: flips= 0 viol_frames=  0 tip_mm=  0.1 margin=0.27 ms/f=1.7
[x6]   M1_3 side=left  fidelity: flips= 3 viol_frames=  0 tip_mm=  0.3 margin=0.50 ms/f=1.3  fidelity_reg: flips= 2 viol_frames=  0 tip_mm=  1.2 margin=0.50 ms/f=1.4  taskcentric: flips= 0 viol_frames=  0 tip_mm=  0.1 margin=0.52 ms/f=1.4  taskdefined: flips= 0 viol_frames=  0 tip_mm=  0.1 margin=0.51 ms/f=1.4
[x6]   M1_4 side=left  fidelity: flips=10 viol_frames=  0 tip_mm=  0.5 margin=0.44 ms/f=1.4  fidelity_reg: flips= 4 viol_frames=  0 tip_mm=  3.1 margin=0.45 ms/f=1.4  taskcentric: flips= 0 viol_frames=  0 tip_mm=  0.1 margin=0.51 ms/f=1.4  taskdefined: flips= 0 viol_frames=  0 tip_mm=  0.1 margin=0.50 ms/f=1.5
[x6]   M1_5 side=left  fidelity: flips=17 viol_frames=  0 tip_mm=  0.5 margin=0.43 ms/f=1.4  fidelity_reg: flips= 8 viol_frames=  0 tip_mm=  4.8 margin=0.45 ms/f=1.4  taskcentric: flips= 0 viol_frames=  0 tip_mm=  0.1 margin=0.41 ms/f=1.4  taskdefined: flips= 0 viol_frames=  0 tip_mm=  0.1 margin=0.37 ms/f=1.7
[x6]   M2_1 side=left  fidelity: flips=132 viol_frames=240 tip_mm= 29.2 margin=0.12 ms/f=2.3  fidelity_reg: flips=54 viol_frames=263 tip_mm= 32.9 margin=0.11 ms/f=2.4  taskcentric: flips=18 viol_frames=220 tip_mm= 12.6 margin=0.13 ms/f=15.6  taskdefined: flips= 0 viol_frames=  0 tip_mm=  0.1 margin=0.24 ms/f=1.6
[x6]   M2_2 side=left  fidelity: flips=127 viol_frames=282 tip_mm= 26.0 margin=0.13 ms/f=2.3  fidelity_reg: flips=68 viol_frames=306 tip_mm= 30.8 margin=0.11 ms/f=2.4  taskcentric: flips=16 viol_frames=248 tip_mm= 10.4 margin=0.14 ms/f=14.8  taskdefined: flips= 4 viol_frames=  0 tip_mm=  0.1 margin=0.24 ms/f=1.6
[x6]   M2_3 side=left  fidelity: flips=187 viol_frames=217 tip_mm= 19.2 margin=0.11 ms/f=2.3  fidelity_reg: flips=93 viol_frames=235 tip_mm= 21.1 margin=0.10 ms/f=2.3  taskcentric: flips=24 viol_frames=195 tip_mm=  9.6 margin=0.14 ms/f=14.0  taskdefined: flips= 8 viol_frames=  0 tip_mm=  0.1 margin=0.25 ms/f=1.7
[x6]   M2_4 side=left  fidelity: flips=128 viol_frames=216 tip_mm= 23.1 margin=0.10 ms/f=2.1  fidelity_reg: flips=85 viol_frames=246 tip_mm= 26.2 margin=0.09 ms/f=2.2  taskcentric: flips=24 viol_frames=185 tip_mm=  9.9 margin=0.14 ms/f=11.9  taskdefined: flips= 6 viol_frames=  9 tip_mm=  0.1 margin=0.24 ms/f=2.1
[x6]   M2_5 side=left  fidelity: flips=186 viol_frames=218 tip_mm= 20.4 margin=0.13 ms/f=2.3  fidelity_reg: flips=79 viol_frames=231 tip_mm= 22.7 margin=0.12 ms/f=2.3  taskcentric: flips=18 viol_frames=200 tip_mm= 10.1 margin=0.15 ms/f=15.0  taskdefined: flips= 4 viol_frames=  0 tip_mm=  0.1 margin=0.27 ms/f=1.6
[x6]   M3_1 side=left  fidelity: flips=19 viol_frames=  0 tip_mm=  0.4 margin=0.21 ms/f=1.4  fidelity_reg: flips=42 viol_frames= 28 tip_mm=  4.0 margin=0.20 ms/f=1.9  taskcentric: flips= 3 viol_frames=  0 tip_mm=  0.1 margin=0.23 ms/f=2.9  taskdefined: flips= 0 viol_frames=  0 tip_mm=  0.1 margin=0.29 ms/f=1.6
[x6]   M3_2 side=left  fidelity: flips=84 viol_frames=  1 tip_mm=  0.4 margin=0.17 ms/f=1.5  fidelity_reg: flips=91 viol_frames= 26 tip_mm=  4.6 margin=0.16 ms/f=1.9  taskcentric: flips=11 viol_frames=  3 tip_mm=  0.1 margin=0.19 ms/f=3.8  taskdefined: flips= 2 viol_frames=  0 tip_mm=  0.1 margin=0.28 ms/f=1.6
[x6]   M3_3 side=left  fidelity: flips=87 viol_frames=  0 tip_mm=  0.4 margin=0.19 ms/f=1.5  fidelity_reg: flips=69 viol_frames=  0 tip_mm=  3.4 margin=0.19 ms/f=1.8  taskcentric: flips=13 viol_frames= 73 tip_mm=  1.3 margin=0.19 ms/f=6.3  taskdefined: flips= 0 viol_frames=  0 tip_mm=  0.1 margin=0.29 ms/f=1.6
[x6]   M3_4 side=left  fidelity: flips=99 viol_frames=126 tip_mm=  2.4 margin=0.17 ms/f=1.8  fidelity_reg: flips=78 viol_frames= 59 tip_mm=  5.0 margin=0.17 ms/f=2.0  taskcentric: flips=15 viol_frames=  2 tip_mm=  0.1 margin=0.21 ms/f=4.1  taskdefined: flips= 1 viol_frames=  0 tip_mm=  0.1 margin=0.29 ms/f=1.6
[x6]   M3_5 side=left  fidelity: flips=73 viol_frames= 17 tip_mm=  0.5 margin=0.18 ms/f=1.6  fidelity_reg: flips=91 viol_frames= 26 tip_mm=  3.8 margin=0.17 ms/f=1.9  taskcentric: flips=16 viol_frames=  6 tip_mm=  0.1 margin=0.20 ms/f=4.0  taskdefined: flips= 3 viol_frames=  0 tip_mm=  0.1 margin=0.29 ms/f=1.6
[x6]   M4_1 side=left  fidelity: flips=68 viol_frames= 36 tip_mm=  3.7 margin=0.18 ms/f=2.1  fidelity_reg: flips=54 viol_frames= 41 tip_mm=  5.7 margin=0.17 ms/f=2.2  taskcentric: flips=15 viol_frames= 17 tip_mm=  2.2 margin=0.18 ms/f=8.6  taskdefined: flips= 6 viol_frames=  2 tip_mm=  0.1 margin=0.29 ms/f=2.0
[x6]   M4_2 side=left  fidelity: flips=77 viol_frames= 16 tip_mm=  6.0 margin=0.17 ms/f=2.1  fidelity_reg: flips=52 viol_frames= 10 tip_mm=  8.0 margin=0.16 ms/f=1.8  taskcentric: flips=14 viol_frames= 36 tip_mm=  5.7 margin=0.16 ms/f=13.1  taskdefined: flips= 4 viol_frames=  9 tip_mm=  1.3 margin=0.29 ms/f=2.7
[x6]   M4_3 side=left  fidelity: flips=61 viol_frames= 21 tip_mm=  2.4 margin=0.20 ms/f=1.8  fidelity_reg: flips=51 viol_frames= 30 tip_mm=  4.6 margin=0.19 ms/f=2.0  taskcentric: flips=10 viol_frames= 19 tip_mm=  1.7 margin=0.20 ms/f=6.4  taskdefined: flips= 4 viol_frames=  3 tip_mm=  0.7 margin=0.30 ms/f=2.1
[x6]   M4_4 side=left  fidelity: flips=38 viol_frames=  3 tip_mm=  1.6 margin=0.20 ms/f=1.7  fidelity_reg: flips=32 viol_frames=  4 tip_mm=  3.8 margin=0.19 ms/f=1.8  taskcentric: flips=13 viol_frames= 18 tip_mm=  2.3 margin=0.17 ms/f=8.5  taskdefined: flips= 5 viol_frames=  0 tip_mm=  0.1 margin=0.30 ms/f=1.7
[x6]   M4_5 side=left  fidelity: flips=38 viol_frames= 16 tip_mm=  2.0 margin=0.23 ms/f=1.6  fidelity_reg: flips=32 viol_frames= 18 tip_mm=  4.2 margin=0.22 ms/f=1.7  taskcentric: flips= 2 viol_frames= 10 tip_mm=  0.8 margin=0.24 ms/f=3.5  taskdefined: flips= 2 viol_frames=  6 tip_mm=  0.4 margin=0.31 ms/f=2.2
[x6]   M5_1 side=left  fidelity: flips= 9 viol_frames=  0 tip_mm=  0.4 margin=0.36 ms/f=1.5  fidelity_reg: flips= 4 viol_frames=  0 tip_mm=  1.3 margin=0.35 ms/f=1.6  taskcentric: flips= 0 viol_frames=  0 tip_mm=  0.1 margin=0.37 ms/f=2.3  taskdefined: flips= 0 viol_frames=  0 tip_mm=  0.1 margin=0.47 ms/f=1.3
[x6]   M5_2 side=left  fidelity: flips=32 viol_frames=  0 tip_mm=  0.5 margin=0.37 ms/f=1.5  fidelity_reg: flips=16 viol_frames=  0 tip_mm=  1.4 margin=0.36 ms/f=1.6  taskcentric: flips= 0 viol_frames=  0 tip_mm=  0.1 margin=0.39 ms/f=2.6  taskdefined: flips= 0 viol_frames=  0 tip_mm=  0.1 margin=0.48 ms/f=1.4
[x6]   M5_3 side=left  fidelity: flips=24 viol_frames=  0 tip_mm=  0.5 margin=0.38 ms/f=1.5  fidelity_reg: flips=15 viol_frames=  0 tip_mm=  1.5 margin=0.37 ms/f=1.6  taskcentric: flips= 0 viol_frames=  0 tip_mm=  0.1 margin=0.38 ms/f=2.4  taskdefined: flips= 0 viol_frames=  0 tip_mm=  0.1 margin=0.47 ms/f=1.4
[x6]   M5_4 side=left  fidelity: flips=48 viol_frames=  0 tip_mm=  0.6 margin=0.38 ms/f=1.5  fidelity_reg: flips=25 viol_frames=  0 tip_mm=  1.5 margin=0.37 ms/f=1.6  taskcentric: flips= 0 viol_frames=  0 tip_mm=  0.1 margin=0.38 ms/f=2.5  taskdefined: flips= 0 viol_frames=  0 tip_mm=  0.1 margin=0.47 ms/f=1.5
[x6]   M5_5 side=left  fidelity: flips=98 viol_frames=  0 tip_mm=  0.8 margin=0.38 ms/f=1.6  fidelity_reg: flips=89 viol_frames=  0 tip_mm=  1.9 margin=0.38 ms/f=1.7  taskcentric: flips= 0 viol_frames=  0 tip_mm=  0.1 margin=0.38 ms/f=2.8  taskdefined: flips= 0 viol_frames=  0 tip_mm=  0.1 margin=0.48 ms/f=1.4
[x6] wrote results/x6/v5_left.json
[x6] TOTAL fidelity: 1667 flips across 25 reps, 13/25 reps had a limit violation
[x6] TOTAL fidelity_reg: 1149 flips across 25 reps, 14/25 reps had a limit violation
[x6] TOTAL taskcentric: 212 flips across 25 reps, 14/25 reps had a limit violation
[x6] TOTAL taskdefined: 49 flips across 25 reps, 5/25 reps had a limit violation
