[x6]   M1_1 side=right  fidelity: flips=291 viol_frames=  0 tip_mm=  2.2 margin=0.42 ms/f=1.6  taskcentric: flips= 1 viol_frames=  0 tip_mm=  0.1 margin=0.42 ms/f=1.9  taskdefined: flips= 1 viol_frames=  0 tip_mm=  0.1 margin=0.48 ms/f=2.2
[x6]   M1_2 side=right  fidelity: flips=354 viol_frames=  0 tip_mm=  2.0 margin=0.40 ms/f=1.6  taskcentric: flips= 0 viol_frames=  0 tip_mm=  0.1 margin=0.41 ms/f=1.9  taskdefined: flips= 0 viol_frames=  0 tip_mm=  0.1 margin=0.49 ms/f=2.2
[x6]   M1_3 side=right  fidelity: flips=405 viol_frames=  9 tip_mm=  2.8 margin=0.34 ms/f=1.7  taskcentric: flips= 1 viol_frames=  0 tip_mm=  0.1 margin=0.35 ms/f=1.9  taskdefined: flips= 1 viol_frames=  0 tip_mm=  0.1 margin=0.40 ms/f=2.4
[x6]   M1_4 side=right  fidelity: flips=306 viol_frames=  0 tip_mm=  2.2 margin=0.36 ms/f=1.6  taskcentric: flips= 2 viol_frames=  0 tip_mm=  0.1 margin=0.35 ms/f=2.0  taskdefined: flips= 0 viol_frames=  0 tip_mm=  0.1 margin=0.41 ms/f=2.4
[x6]   M1_5 side=right  fidelity: flips=329 viol_frames=  0 tip_mm=  1.3 margin=0.45 ms/f=1.5  taskcentric: flips= 0 viol_frames=  0 tip_mm=  0.1 margin=0.35 ms/f=1.9  taskdefined: flips= 0 viol_frames=  0 tip_mm=  0.1 margin=0.31 ms/f=2.4
[x6]   M2_1 side=right  fidelity: flips=246 viol_frames= 46 tip_mm=  2.4 margin=0.41 ms/f=1.7  taskcentric: flips=20 viol_frames=  0 tip_mm=  0.2 margin=0.54 ms/f=5.7  taskdefined: flips= 1 viol_frames=  0 tip_mm=  0.1 margin=0.47 ms/f=1.8
[x6]   M2_2 side=right  fidelity: flips=270 viol_frames= 70 tip_mm=  2.6 margin=0.35 ms/f=1.7  taskcentric: flips=28 viol_frames=  0 tip_mm=  0.3 margin=0.50 ms/f=6.4  taskdefined: flips= 7 viol_frames=  0 tip_mm=  0.1 margin=0.44 ms/f=1.8
[x6]   M2_3 side=right  fidelity: flips=262 viol_frames= 27 tip_mm=  3.1 margin=0.33 ms/f=1.6  taskcentric: flips=26 viol_frames=123 tip_mm=  3.3 margin=0.25 ms/f=10.1  taskdefined: flips=18 viol_frames=  0 tip_mm=  0.1 margin=0.47 ms/f=1.9
[x6]   M2_4 side=right  fidelity: flips=279 viol_frames= 37 tip_mm=  3.8 margin=0.30 ms/f=1.7  taskcentric: flips=18 viol_frames=  0 tip_mm=  0.1 margin=0.49 ms/f=3.0  taskdefined: flips= 8 viol_frames=  0 tip_mm=  0.1 margin=0.47 ms/f=1.9
[x6]   M2_5 side=right  fidelity: flips=238 viol_frames=176 tip_mm= 11.3 margin=0.25 ms/f=2.2  taskcentric: flips=33 viol_frames= 12 tip_mm=  0.9 margin=0.45 ms/f=8.8  taskdefined: flips= 7 viol_frames=  0 tip_mm=  0.1 margin=0.44 ms/f=1.9
[x6]   M3_1 side=right  fidelity: flips=147 viol_frames=545 tip_mm= 65.7 margin=0.10 ms/f=2.9  taskcentric: flips=45 viol_frames=  0 tip_mm=  0.3 margin=0.44 ms/f=5.7  taskdefined: flips= 2 viol_frames=  0 tip_mm=  0.1 margin=0.36 ms/f=1.7
[x6]   M3_2 side=right  fidelity: flips=242 viol_frames= 83 tip_mm=  4.0 margin=0.36 ms/f=1.7  taskcentric: flips=35 viol_frames=  0 tip_mm=  0.1 margin=0.44 ms/f=3.4  taskdefined: flips= 8 viol_frames=  0 tip_mm=  0.1 margin=0.40 ms/f=1.8
[x6]   M3_3 side=right  fidelity: flips=279 viol_frames=221 tip_mm= 16.9 margin=0.29 ms/f=2.0  taskcentric: flips=42 viol_frames=  0 tip_mm=  0.2 margin=0.45 ms/f=4.0  taskdefined: flips= 4 viol_frames=  0 tip_mm=  0.1 margin=0.39 ms/f=1.8
[x6]   M3_4 side=right  fidelity: flips=286 viol_frames=132 tip_mm=  3.6 margin=0.31 ms/f=1.8  taskcentric: flips=53 viol_frames=  0 tip_mm=  0.3 margin=0.44 ms/f=6.3  taskdefined: flips= 5 viol_frames=  0 tip_mm=  0.1 margin=0.38 ms/f=1.8
[x6]   M3_5 side=right  fidelity: flips=296 viol_frames=116 tip_mm=  2.9 margin=0.34 ms/f=1.8  taskcentric: flips=40 viol_frames=  0 tip_mm=  0.3 margin=0.44 ms/f=6.0  taskdefined: flips= 2 viol_frames=  0 tip_mm=  0.1 margin=0.39 ms/f=1.8
[x6]   M4_1 side=right  fidelity: flips=117 viol_frames= 77 tip_mm= 16.2 margin=0.29 ms/f=2.2  taskcentric: flips=21 viol_frames=  2 tip_mm=  0.4 margin=0.45 ms/f=7.3  taskdefined: flips= 7 viol_frames=  2 tip_mm=  0.2 margin=0.44 ms/f=2.1
[x6]   M4_2 side=right  fidelity: flips=141 viol_frames= 30 tip_mm=  3.8 margin=0.34 ms/f=1.8  taskcentric: flips=18 viol_frames=  2 tip_mm=  0.4 margin=0.47 ms/f=6.0  taskdefined: flips=14 viol_frames=  6 tip_mm=  0.3 margin=0.42 ms/f=2.5
[x6]   M4_3 side=right  fidelity: flips=116 viol_frames= 47 tip_mm=  3.9 margin=0.33 ms/f=1.9  taskcentric: flips=18 viol_frames=  3 tip_mm=  0.5 margin=0.45 ms/f=9.3  taskdefined: flips= 2 viol_frames=  0 tip_mm=  0.1 margin=0.44 ms/f=1.9
[x6]   M4_4 side=right  fidelity: flips=102 viol_frames= 21 tip_mm=  3.7 margin=0.35 ms/f=1.8  taskcentric: flips=21 viol_frames= 11 tip_mm=  0.6 margin=0.41 ms/f=7.7  taskdefined: flips=11 viol_frames=  2 tip_mm=  0.1 margin=0.43 ms/f=2.2
[x6]   M4_5 side=right  fidelity: flips=129 viol_frames= 12 tip_mm=  3.3 margin=0.34 ms/f=1.6  taskcentric: flips=12 viol_frames=  4 tip_mm=  0.2 margin=0.48 ms/f=3.0  taskdefined: flips= 9 viol_frames=  5 tip_mm=  0.2 margin=0.45 ms/f=2.4
[x6]   M5_1 side=right  fidelity: flips=284 viol_frames=392 tip_mm=155.1 margin=0.13 ms/f=3.5  taskcentric: flips=179 viol_frames=279 tip_mm=132.8 margin=0.16 ms/f=26.4  taskdefined: flips=180 viol_frames= 40 tip_mm=  1.9 margin=0.26 ms/f=5.1
[x6]   M5_2 side=right  fidelity: flips=291 viol_frames=470 tip_mm=191.7 margin=0.06 ms/f=3.5  taskcentric: flips=184 viol_frames= 94 tip_mm=  9.4 margin=0.27 ms/f=8.7  taskdefined: flips=191 viol_frames= 92 tip_mm=  9.3 margin=0.29 ms/f=8.7
[x6]   M5_3 side=right  fidelity: flips=231 viol_frames=100 tip_mm= 15.8 margin=0.27 ms/f=2.1  taskcentric: flips=161 viol_frames= 78 tip_mm=  8.5 margin=0.30 ms/f=7.9  taskdefined: flips=160 viol_frames= 74 tip_mm=  7.6 margin=0.32 ms/f=7.8
[x6]   M5_4 side=right  fidelity: flips=274 viol_frames= 80 tip_mm= 12.5 margin=0.29 ms/f=2.0  taskcentric: flips=165 viol_frames= 72 tip_mm=  6.7 margin=0.33 ms/f=7.3  taskdefined: flips=159 viol_frames= 65 tip_mm=  5.7 margin=0.36 ms/f=6.9
[x6]   M5_5 side=right  fidelity: flips=293 viol_frames= 44 tip_mm=  7.1 margin=0.28 ms/f=1.8  taskcentric: flips=138 viol_frames= 47 tip_mm=  3.4 margin=0.31 ms/f=5.5  taskdefined: flips=139 viol_frames= 47 tip_mm=  3.4 margin=0.31 ms/f=5.5
[x6] wrote results/x6/zed_all.json
[x6] TOTAL fidelity: 6208 flips across 25 reps, 21/25 reps had a limit violation
[x6] TOTAL taskcentric: 1261 flips across 25 reps, 12/25 reps had a limit violation
[x6] TOTAL taskdefined: 936 flips across 25 reps, 9/25 reps had a limit violation
